2026-03-23 11:43:20,949 - INFO - pdf_extractor - main:226 - Started fresh log: /Users/ethanferrier/work/civera_original/scripts/pdfparser/logs/pdf_extraction.log
2026-03-23 11:43:20,950 - DEBUG - pdf_extractor - extract_pdf:65 - START December 8, 2015 Joint Runoff Precinct Report.pdf
2026-03-23 11:43:20,969 - DEBUG - pdf_extractor - extract_pdf:78 - FIRST LINES: ['Precinct Report — Unofficial', 'Tarrant County — Joint Runoff Elections — December 08, 2015', 'Page 1 of 4 12/08/2015 08:23 PM', 'Total Number of Voters : 2,477 of 113,418 = 2.18% Precincts Reporting 4 of 4 = 100.00%', 'Party Candidate Early Election Total', 'Precinct 2033 (Ballots Cast: 657)', 'Trustee, Place 6 (Unexpired Term) Mansfield ISD, Vote For 1', 'Dora O. Tovar 90 20.18% 64 30.33% 154 23.44%', 'Daniel Gallagher 356 79.82% 147 69.67% 503 76.56%', 'Cast Votes: 446 100.00% 211 100.00% 657 100.00%', 'Over Votes: 0 0.00% 0 0.00% 0 0.00%', 'Under Votes: 0 0.00% 0 0.00% 0 0.00%']
2026-03-23 11:43:20,984 - DEBUG - src.precinct - parse:91 - No precinct match: 'Precinct Report — Unofficial'
2026-03-23 11:43:20,984 - DEBUG - src.precinct - parse:91 - No precinct match: 'Tarrant County — Joint Runoff Elections — December 08, 2015'
2026-03-23 11:43:20,984 - DEBUG - src.precinct - parse:91 - No precinct match: 'Page 1 of 4 12/08/2015 08:23 PM'
2026-03-23 11:43:20,984 - DEBUG - src.precinct - parse:91 - No precinct match: 'Total Number of Voters : 2,477 of 113,418 = 2.18% Precincts Reporting 4 of 4 = 100.00%'
2026-03-23 11:43:20,984 - DEBUG - src.precinct - parse:91 - No precinct match: 'Party Candidate Early Election Total'
2026-03-23 11:43:20,984 - DEBUG - src.precinct - parse:88 - Parsed precinct: 2033 → 657
2026-03-23 11:43:20,984 - DEBUG - pdf_extractor - extract_pdf:131 - PAGE 1 → PRECINCT SET: 2033 | Cast: 657
2026-03-23 11:43:20,984 - DEBUG - pdf_extractor - extract_pdf:142 - CONTEST START: Trustee, Place 6 (Unexpired Term) Mansfield ISD, Vote For 1
2026-03-23 11:43:20,984 - DEBUG - pdf_extractor - _save_buffer:178 - TEST CONTEST: Trustee, Place 6 (Unexpired Term) Mansfield ISD, Vote For 1
2026-03-23 11:43:21,002 - DEBUG - src.precinct - parse:91 - No precinct match: 'Precinct Report — Unofficial'
2026-03-23 11:43:21,002 - DEBUG - src.precinct - parse:91 - No precinct match: 'Tarrant County — Joint Runoff Elections — December 08, 2015'
2026-03-23 11:43:21,002 - DEBUG - src.precinct - parse:91 - No precinct match: 'Page 2 of 4 12/08/2015 08:23 PM'
2026-03-23 11:43:21,002 - DEBUG - src.precinct - parse:91 - No precinct match: 'Total Number of Voters : 2,477 of 113,418 = 2.18% Precincts Reporting 4 of 4 = 100.00%'
2026-03-23 11:43:21,002 - DEBUG - src.precinct - parse:91 - No precinct match: 'Party Candidate Early Election Total'
2026-03-23 11:43:21,002 - DEBUG - src.precinct - parse:88 - Parsed precinct: 2462 → 288
2026-03-23 11:43:21,002 - DEBUG - pdf_extractor - extract_pdf:131 - PAGE 2 → PRECINCT SET: 2462 | Cast: 288
2026-03-23 11:43:21,002 - DEBUG - pdf_extractor - extract_pdf:142 - CONTEST START: Trustee, Place 6 (Unexpired Term) Mansfield ISD, Vote For 1
2026-03-23 11:43:21,002 - DEBUG - pdf_extractor - _save_buffer:178 - TEST CONTEST: Trustee, Place 6 (Unexpired Term) Mansfield ISD, Vote For 1
2026-03-23 11:43:21,018 - DEBUG - src.precinct - parse:91 - No precinct match: 'Precinct Report — Unofficial'
2026-03-23 11:43:21,018 - DEBUG - src.precinct - parse:91 - No precinct match: 'Tarrant County — Joint Runoff Elections — December 08, 2015'
2026-03-23 11:43:21,018 - DEBUG - src.precinct - parse:91 - No precinct match: 'Page 3 of 4 12/08/2015 08:23 PM'
2026-03-23 11:43:21,018 - DEBUG - src.precinct - parse:91 - No precinct match: 'Total Number of Voters : 2,477 of 113,418 = 2.18% Precincts Reporting 4 of 4 = 100.00%'
2026-03-23 11:43:21,018 - DEBUG - src.precinct - parse:91 - No precinct match: 'Party Candidate Early Election Total'
2026-03-23 11:43:21,018 - DEBUG - src.precinct - parse:88 - Parsed precinct: 2644 → 61
2026-03-23 11:43:21,018 - DEBUG - pdf_extractor - extract_pdf:131 - PAGE 3 → PRECINCT SET: 2644 | Cast: 61
2026-03-23 11:43:21,018 - DEBUG - pdf_extractor - extract_pdf:142 - CONTEST START: Trustee, Place 6 (Unexpired Term) Mansfield ISD, Vote For 1
2026-03-23 11:43:21,018 - DEBUG - pdf_extractor - _save_buffer:178 - TEST CONTEST: Trustee, Place 6 (Unexpired Term) Mansfield ISD, Vote For 1
2026-03-23 11:43:21,034 - DEBUG - src.precinct - parse:91 - No precinct match: 'Precinct Report — Unofficial'
2026-03-23 11:43:21,034 - DEBUG - src.precinct - parse:91 - No precinct match: 'Tarrant County — Joint Runoff Elections — December 08, 2015'
2026-03-23 11:43:21,034 - DEBUG - src.precinct - parse:91 - No precinct match: 'Page 4 of 4 12/08/2015 08:23 PM'
2026-03-23 11:43:21,034 - DEBUG - src.precinct - parse:91 - No precinct match: 'Total Number of Voters : 2,477 of 113,418 = 2.18% Precincts Reporting 4 of 4 = 100.00%'
2026-03-23 11:43:21,034 - DEBUG - src.precinct - parse:91 - No precinct match: 'Party Candidate Early Election Total'
2026-03-23 11:43:21,034 - DEBUG - src.precinct - parse:88 - Parsed precinct: 3114 → 1471
2026-03-23 11:43:21,034 - DEBUG - pdf_extractor - extract_pdf:131 - PAGE 4 → PRECINCT SET: 3114 | Cast: 1471
2026-03-23 11:43:21,034 - DEBUG - pdf_extractor - extract_pdf:142 - CONTEST START: Council, Place 1 (Unexpired Term) City of Grapevine, Vote Fo
2026-03-23 11:43:21,034 - DEBUG - pdf_extractor - _save_buffer:178 - TEST CONTEST: Council, Place 1 (Unexpired Term) City of Grapevine, Vote For 1
2026-03-23 11:43:21,034 - DEBUG - pdf_extractor - _save_buffer:178 - TEST CONTEST: Council, Place 1 (Unexpired Term) City of Grapevine, Vote For 1
2026-03-23 11:43:21,034 - DEBUG - pdf_extractor - extract_pdf:160 - FINISHED December 8, 2015 Joint Runoff Precinct Report.pdf
2026-03-23 11:43:21,039 - DEBUG - pdf_extractor - main:259 - Final CSV written: /Users/ethanferrier/work/civera_original/scripts/pdfparser/output/tarranttx--2015-12-08_Tarrant_County_Joint_Runoff_Elections.csv (40 rows)
